[2m2023-02-02T16:36:52.753717Z[0m [32m INFO[0m [2mbroadcast::discover::broadcast_server[0m[2m:[0m Joined multicast group 224.0.0.1 successfully
[2m2023-02-02T16:36:52.753776Z[0m [32m INFO[0m [2mbroadcast::discover::broadcast_server[0m[2m:[0m Send broadcast to len: 1052
[2m2023-02-02T16:36:52.753904Z[0m [32m INFO[0m [2mbroadcast::discover::broadcast_server[0m[2m:[0m Send broadcast to len: 1020
[2m2023-02-02T16:36:52.753910Z[0m [32m INFO[0m [2mbroadcast::discover::broadcast_server[0m[2m:[0m Received broadcast from len: 1052
[2m2023-02-02T16:36:52.753943Z[0m [32m INFO[0m [2mbroadcast::discover::broadcast_server[0m[2m:[0m Send broadcast to len: 742
[2m2023-02-02T16:36:52.753929Z[0m [32m INFO[0m [2mbroadcast::discover::broadcast_server[0m[2m:[0m after push frame, cache is {
    FrameReceiverCacheKey {
        id: "ed8cc0ef-58d5-44a3-871d-dbaf027c4404",
        count: 3,
        order_count: 3,
        time: Instant {
            tv_sec: 4302
            tv_nsec: 969371041,
        },
    }: Mutex {
        data: [
            Frame {
                id: "ed8cc0ef-58d5-44a3-871d-dbaf027c4404",
                version: 1,
                frame_type: 1,
                length: 300,
                order: 0,
                order_count: 3,
                data: [],
            },
        ],
    },
}
[2m2023-02-02T16:36:52.754005Z[0m [32m INFO[0m [2mbroadcast::discover::broadcast_server[0m[2m:[0m Received broadcast from len: 1020
[2m2023-02-02T16:36:52.754012Z[0m [32m INFO[0m [2mbroadcast::discover::broadcast_server[0m[2m:[0m after push frame, cache is {
    FrameReceiverCacheKey {
        id: "ed8cc0ef-58d5-44a3-871d-dbaf027c4404",
        count: 3,
        order_count: 3,
        time: Instant {
            tv_sec: 4302
            tv_nsec: 969371041,
        },
    }: Mutex {
        data: [
            Frame {
                id: "ed8cc0ef-58d5-44a3-871d-dbaf027c4404",
                version: 1,
                frame_type: 1,
                length: 300,
                order: 0,
                order_count: 3,
                data: [],
            },
        ],
    },
    FrameReceiverCacheKey {
        id: "ed8cc0ef-58d5-44a3-871d-dbaf027c4404",
        count: 3,
        order_count: 3,
        time: Instant {
            tv_sec: 4302
            tv_nsec: 969456083,
        },
    }: Mutex {
        data: [
            Frame {
                id: "ed8cc0ef-58d5-44a3-871d-dbaf027c4404",
                version: 1,
                frame_type: 1,
                length: 300,
                order: 1,
                order_count: 3,
                data: [],
            },
        ],
    },
}
[2m2023-02-02T16:36:52.754136Z[0m [32m INFO[0m [2mbroadcast::discover::broadcast_server[0m[2m:[0m Received broadcast from len: 742
[2m2023-02-02T16:36:52.754143Z[0m [32m INFO[0m [2mbroadcast::discover::broadcast_server[0m[2m:[0m after push frame, cache is {
    FrameReceiverCacheKey {
        id: "ed8cc0ef-58d5-44a3-871d-dbaf027c4404",
        count: 3,
        order_count: 3,
        time: Instant {
            tv_sec: 4302
            tv_nsec: 969371041,
        },
    }: Mutex {
        data: [
            Frame {
                id: "ed8cc0ef-58d5-44a3-871d-dbaf027c4404",
                version: 1,
                frame_type: 1,
                length: 300,
                order: 0,
                order_count: 3,
                data: [],
            },
        ],
    },
    FrameReceiverCacheKey {
        id: "ed8cc0ef-58d5-44a3-871d-dbaf027c4404",
        count: 3,
        order_count: 3,
        time: Instant {
            tv_sec: 4302
            tv_nsec: 969585625,
        },
    }: Mutex {
        data: [
            Frame {
                id: "ed8cc0ef-58d5-44a3-871d-dbaf027c4404",
                version: 1,
                frame_type: 1,
                length: 207,
                order: 2,
                order_count: 3,
                data: [],
            },
        ],
    },
    FrameReceiverCacheKey {
        id: "ed8cc0ef-58d5-44a3-871d-dbaf027c4404",
        count: 3,
        order_count: 3,
        time: Instant {
            tv_sec: 4302
            tv_nsec: 969456083,
        },
    }: Mutex {
        data: [
            Frame {
                id: "ed8cc0ef-58d5-44a3-871d-dbaf027c4404",
                version: 1,
                frame_type: 1,
                length: 300,
                order: 1,
                order_count: 3,
                data: [],
            },
        ],
    },
}
[2m2023-02-02T16:36:52.756866Z[0m [32m INFO[0m [2mbroadcast::discover::broadcast_server[0m[2m:[0m Received broadcast from len: 1052
[2m2023-02-02T16:36:52.756884Z[0m [32m INFO[0m [2mbroadcast::discover::broadcast_server[0m[2m:[0m after push frame, cache is {
    FrameReceiverCacheKey {
        id: "ed8cc0ef-58d5-44a3-871d-dbaf027c4404",
        count: 3,
        order_count: 3,
        time: Instant {
            tv_sec: 4302
            tv_nsec: 969371041,
        },
    }: Mutex {
        data: [
            Frame {
                id: "ed8cc0ef-58d5-44a3-871d-dbaf027c4404",
                version: 1,
                frame_type: 1,
                length: 300,
                order: 0,
                order_count: 3,
                data: [],
            },
        ],
    },
    FrameReceiverCacheKey {
        id: "ed8cc0ef-58d5-44a3-871d-dbaf027c4404",
        count: 3,
        order_count: 3,
        time: Instant {
            tv_sec: 4302
            tv_nsec: 972326125,
        },
    }: Mutex {
        data: [
            Frame {
                id: "ed8cc0ef-58d5-44a3-871d-dbaf027c4404",
                version: 1,
                frame_type: 1,
                length: 300,
                order: 0,
                order_count: 3,
                data: [],
            },
        ],
    },
    FrameReceiverCacheKey {
        id: "ed8cc0ef-58d5-44a3-871d-dbaf027c4404",
        count: 3,
        order_count: 3,
        time: Instant {
            tv_sec: 4302
            tv_nsec: 969585625,
        },
    }: Mutex {
        data: [
            Frame {
                id: "ed8cc0ef-58d5-44a3-871d-dbaf027c4404",
                version: 1,
                frame_type: 1,
                length: 207,
                order: 2,
                order_count: 3,
                data: [],
            },
        ],
    },
    FrameReceiverCacheKey {
        id: "ed8cc0ef-58d5-44a3-871d-dbaf027c4404",
        count: 3,
        order_count: 3,
        time: Instant {
            tv_sec: 4302
            tv_nsec: 969456083,
        },
    }: Mutex {
        data: [
            Frame {
                id: "ed8cc0ef-58d5-44a3-871d-dbaf027c4404",
                version: 1,
                frame_type: 1,
                length: 300,
                order: 1,
                order_count: 3,
                data: [],
            },
        ],
    },
}
[2m2023-02-02T16:36:52.758349Z[0m [32m INFO[0m [2mbroadcast::discover::broadcast_server[0m[2m:[0m Received broadcast from len: 1020
[2m2023-02-02T16:36:52.758363Z[0m [32m INFO[0m [2mbroadcast::discover::broadcast_server[0m[2m:[0m after push frame, cache is {
    FrameReceiverCacheKey {
        id: "ed8cc0ef-58d5-44a3-871d-dbaf027c4404",
        count: 3,
        order_count: 3,
        time: Instant {
            tv_sec: 4302
            tv_nsec: 969371041,
        },
    }: Mutex {
        data: [
            Frame {
                id: "ed8cc0ef-58d5-44a3-871d-dbaf027c4404",
                version: 1,
                frame_type: 1,
                length: 300,
                order: 0,
                order_count: 3,
                data: [],
            },
        ],
    },
    FrameReceiverCacheKey {
        id: "ed8cc0ef-58d5-44a3-871d-dbaf027c4404",
        count: 3,
        order_count: 3,
        time: Instant {
            tv_sec: 4302
            tv_nsec: 972326125,
        },
    }: Mutex {
        data: [
            Frame {
                id: "ed8cc0ef-58d5-44a3-871d-dbaf027c4404",
                version: 1,
                frame_type: 1,
                length: 300,
                order: 0,
                order_count: 3,
                data: [],
            },
        ],
    },
    FrameReceiverCacheKey {
        id: "ed8cc0ef-58d5-44a3-871d-dbaf027c4404",
        count: 3,
        order_count: 3,
        time: Instant {
            tv_sec: 4302
            tv_nsec: 973806458,
        },
    }: Mutex {
        data: [
            Frame {
                id: "ed8cc0ef-58d5-44a3-871d-dbaf027c4404",
                version: 1,
                frame_type: 1,
                length: 300,
                order: 1,
                order_count: 3,
                data: [],
            },
        ],
    },
    FrameReceiverCacheKey {
        id: "ed8cc0ef-58d5-44a3-871d-dbaf027c4404",
        count: 3,
        order_count: 3,
        time: Instant {
            tv_sec: 4302
            tv_nsec: 969585625,
        },
    }: Mutex {
        data: [
            Frame {
                id: "ed8cc0ef-58d5-44a3-871d-dbaf027c4404",
                version: 1,
                frame_type: 1,
                length: 207,
                order: 2,
                order_count: 3,
                data: [],
            },
        ],
    },
    FrameReceiverCacheKey {
        id: "ed8cc0ef-58d5-44a3-871d-dbaf027c4404",
        count: 3,
        order_count: 3,
        time: Instant {
            tv_sec: 4302
            tv_nsec: 969456083,
        },
    }: Mutex {
        data: [
            Frame {
                id: "ed8cc0ef-58d5-44a3-871d-dbaf027c4404",
                version: 1,
                frame_type: 1,
                length: 300,
                order: 1,
                order_count: 3,
                data: [],
            },
        ],
    },
}
[2m2023-02-02T16:36:52.759467Z[0m [32m INFO[0m [2mbroadcast::discover::broadcast_server[0m[2m:[0m Received broadcast from len: 742
[2m2023-02-02T16:36:52.759476Z[0m [32m INFO[0m [2mbroadcast::discover::broadcast_server[0m[2m:[0m after push frame, cache is {
    FrameReceiverCacheKey {
        id: "ed8cc0ef-58d5-44a3-871d-dbaf027c4404",
        count: 3,
        order_count: 3,
        time: Instant {
            tv_sec: 4302
            tv_nsec: 974919791,
        },
    }: Mutex {
        data: [
            Frame {
                id: "ed8cc0ef-58d5-44a3-871d-dbaf027c4404",
                version: 1,
                frame_type: 1,
                length: 207,
                order: 2,
                order_count: 3,
                data: [],
            },
        ],
    },
    FrameReceiverCacheKey {
        id: "ed8cc0ef-58d5-44a3-871d-dbaf027c4404",
        count: 3,
        order_count: 3,
        time: Instant {
            tv_sec: 4302
            tv_nsec: 969371041,
        },
    }: Mutex {
        data: [
            Frame {
                id: "ed8cc0ef-58d5-44a3-871d-dbaf027c4404",
                version: 1,
                frame_type: 1,
                length: 300,
                order: 0,
                order_count: 3,
                data: [],
            },
        ],
    },
    FrameReceiverCacheKey {
        id: "ed8cc0ef-58d5-44a3-871d-dbaf027c4404",
        count: 3,
        order_count: 3,
        time: Instant {
            tv_sec: 4302
            tv_nsec: 972326125,
        },
    }: Mutex {
        data: [
            Frame {
                id: "ed8cc0ef-58d5-44a3-871d-dbaf027c4404",
                version: 1,
                frame_type: 1,
                length: 300,
                order: 0,
                order_count: 3,
                data: [],
            },
        ],
    },
    FrameReceiverCacheKey {
        id: "ed8cc0ef-58d5-44a3-871d-dbaf027c4404",
        count: 3,
        order_count: 3,
        time: Instant {
            tv_sec: 4302
            tv_nsec: 973806458,
        },
    }: Mutex {
        data: [
            Frame {
                id: "ed8cc0ef-58d5-44a3-871d-dbaf027c4404",
                version: 1,
                frame_type: 1,
                length: 300,
                order: 1,
                order_count: 3,
                data: [],
            },
        ],
    },
    FrameReceiverCacheKey {
        id: "ed8cc0ef-58d5-44a3-871d-dbaf027c4404",
        count: 3,
        order_count: 3,
        time: Instant {
            tv_sec: 4302
            tv_nsec: 969585625,
        },
    }: Mutex {
        data: [
            Frame {
                id: "ed8cc0ef-58d5-44a3-871d-dbaf027c4404",
                version: 1,
                frame_type: 1,
                length: 207,
                order: 2,
                order_count: 3,
                data: [],
            },
        ],
    },
    FrameReceiverCacheKey {
        id: "ed8cc0ef-58d5-44a3-871d-dbaf027c4404",
        count: 3,
        order_count: 3,
        time: Instant {
            tv_sec: 4302
            tv_nsec: 969456083,
        },
    }: Mutex {
        data: [
            Frame {
                id: "ed8cc0ef-58d5-44a3-871d-dbaf027c4404",
                version: 1,
                frame_type: 1,
                length: 300,
                order: 1,
                order_count: 3,
                data: [],
            },
        ],
    },
}
[2m2023-02-02T16:36:55.756352Z[0m [32m INFO[0m [2mbroadcast::discover::broadcast_server[0m[2m:[0m Send broadcast to len: 1052
[2m2023-02-02T16:36:55.757179Z[0m [32m INFO[0m [2mbroadcast::discover::broadcast_server[0m[2m:[0m Send broadcast to len: 1020
[2m2023-02-02T16:36:55.757419Z[0m [32m INFO[0m [2mbroadcast::discover::broadcast_server[0m[2m:[0m Send broadcast to len: 742
[2m2023-02-02T16:36:55.757704Z[0m [32m INFO[0m [2mbroadcast::discover::broadcast_server[0m[2m:[0m Received broadcast from len: 1052
[2m2023-02-02T16:36:55.757819Z[0m [32m INFO[0m [2mbroadcast::discover::broadcast_server[0m[2m:[0m after push frame, cache is {
    FrameReceiverCacheKey {
        id: "ed8cc0ef-58d5-44a3-871d-dbaf027c4404",
        count: 3,
        order_count: 3,
        time: Instant {
            tv_sec: 4302
            tv_nsec: 974919791,
        },
    }: Mutex {
        data: [
            Frame {
                id: "ed8cc0ef-58d5-44a3-871d-dbaf027c4404",
                version: 1,
                frame_type: 1,
                length: 207,
                order: 2,
                order_count: 3,
                data: [],
            },
        ],
    },
    FrameReceiverCacheKey {
        id: "ed8cc0ef-58d5-44a3-871d-dbaf027c4404",
        count: 3,
        order_count: 3,
        time: Instant {
            tv_sec: 4302
            tv_nsec: 969371041,
        },
    }: Mutex {
        data: [
            Frame {
                id: "ed8cc0ef-58d5-44a3-871d-dbaf027c4404",
                version: 1,
                frame_type: 1,
                length: 300,
                order: 0,
                order_count: 3,
                data: [],
            },
        ],
    },
    FrameReceiverCacheKey {
        id: "ed8cc0ef-58d5-44a3-871d-dbaf027c4404",
        count: 3,
        order_count: 3,
        time: Instant {
            tv_sec: 4302
            tv_nsec: 972326125,
        },
    }: Mutex {
        data: [
            Frame {
                id: "ed8cc0ef-58d5-44a3-871d-dbaf027c4404",
                version: 1,
                frame_type: 1,
                length: 300,
                order: 0,
                order_count: 3,
                data: [],
            },
        ],
    },
    FrameReceiverCacheKey {
        id: "ed8cc0ef-58d5-44a3-871d-dbaf027c4404",
        count: 3,
        order_count: 3,
        time: Instant {
            tv_sec: 4302
            tv_nsec: 973806458,
        },
    }: Mutex {
        data: [
            Frame {
                id: "ed8cc0ef-58d5-44a3-871d-dbaf027c4404",
                version: 1,
                frame_type: 1,
                length: 300,
                order: 1,
                order_count: 3,
                data: [],
            },
        ],
    },
    FrameReceiverCacheKey {
        id: "f9222151-b1d7-422c-8706-b5b3d741be17",
        count: 3,
        order_count: 3,
        time: Instant {
            tv_sec: 430300,
            tv_nsec: 973226416,
        },
    }: Mutex {
        data: [
            Frame {
                id: "f9222151-b1d7-422c-8706-b5b3d741be17",
                version: 1,
                frame_type: 1,
                length: 300,
                order: 0,
                order_count: 3,
                data: [],
            },
        ],
    },
    FrameReceiverCacheKey {
        id: "ed8cc0ef-58d5-44a3-871d-dbaf027c4404",
        count: 3,
        order_count: 3,
        time: Instant {
            tv_sec: 4302
            tv_nsec: 969585625,
        },
    }: Mutex {
        data: [
            Frame {
                id: "ed8cc0ef-58d5-44a3-871d-dbaf027c4404",
                version: 1,
                frame_type: 1,
                length: 207,
                order: 2,
                order_count: 3,
                data: [],
            },
        ],
    },
    FrameReceiverCacheKey {
        id: "ed8cc0ef-58d5-44a3-871d-dbaf027c4404",
        count: 3,
        order_count: 3,
        time: Instant {
            tv_sec: 4302
            tv_nsec: 969456083,
        },
    }: Mutex {
        data: [
            Frame {
                id: "ed8cc0ef-58d5-44a3-871d-dbaf027c4404",
                version: 1,
                frame_type: 1,
                length: 300,
                order: 1,
                order_count: 3,
                data: [],
            },
        ],
    },
}
[2m2023-02-02T16:36:55.759805Z[0m [32m INFO[0m [2mbroadcast::discover::broadcast_server[0m[2m:[0m Received broadcast from len: 1020
[2m2023-02-02T16:36:55.759861Z[0m [32m INFO[0m [2mbroadcast::discover::broadcast_server[0m[2m:[0m after push frame, cache is {
    FrameReceiverCacheKey {
        id: "ed8cc0ef-58d5-44a3-871d-dbaf027c4404",
        count: 3,
        order_count: 3,
        time: Instant {
            tv_sec: 4302
            tv_nsec: 972326125,
        },
    }: Mutex {
        data: [
            Frame {
                id: "ed8cc0ef-58d5-44a3-871d-dbaf027c4404",
                version: 1,
                frame_type: 1,
                length: 300,
                order: 0,
                order_count: 3,
                data: [],
            },
        ],
    },
    FrameReceiverCacheKey {
        id: "f9222151-b1d7-422c-8706-b5b3d741be17",
        count: 3,
        order_count: 3,
        time: Instant {
            tv_sec: 430300,
            tv_nsec: 973226416,
        },
    }: Mutex {
        data: [
            Frame {
                id: "f9222151-b1d7-422c-8706-b5b3d741be17",
                version: 1,
                frame_type: 1,
                length: 300,
                order: 0,
                order_count: 3,
                data: [],
            },
        ],
    },
    FrameReceiverCacheKey {
        id: "f9222151-b1d7-422c-8706-b5b3d741be17",
        count: 3,
        order_count: 3,
        time: Instant {
            tv_sec: 430300,
            tv_nsec: 975271708,
        },
    }: Mutex {
        data: [
            Frame {
                id: "f9222151-b1d7-422c-8706-b5b3d741be17",
                version: 1,
                frame_type: 1,
                length: 300,
                order: 1,
                order_count: 3,
                data: [],
            },
        ],
    },
    FrameReceiverCacheKey {
        id: "ed8cc0ef-58d5-44a3-871d-dbaf027c4404",
        count: 3,
        order_count: 3,
        time: Instant {
            tv_sec: 4302
            tv_nsec: 969456083,
        },
    }: Mutex {
        data: [
            Frame {
                id: "ed8cc0ef-58d5-44a3-871d-dbaf027c4404",
                version: 1,
                frame_type: 1,
                length: 300,
                order: 1,
                order_count: 3,
                data: [],
            },
        ],
    },
    FrameReceiverCacheKey {
        id: "ed8cc0ef-58d5-44a3-871d-dbaf027c4404",
        count: 3,
        order_count: 3,
        time: Instant {
            tv_sec: 4302
            tv_nsec: 974919791,
        },
    }: Mutex {
        data: [
            Frame {
                id: "ed8cc0ef-58d5-44a3-871d-dbaf027c4404",
                version: 1,
                frame_type: 1,
                length: 207,
                order: 2,
                order_count: 3,
                data: [],
            },
        ],
    },
    FrameReceiverCacheKey {
        id: "ed8cc0ef-58d5-44a3-871d-dbaf027c4404",
        count: 3,
        order_count: 3,
        time: Instant {
            tv_sec: 4302
            tv_nsec: 969371041,
        },
    }: Mutex {
        data: [
            Frame {
                id: "ed8cc0ef-58d5-44a3-871d-dbaf027c4404",
                version: 1,
                frame_type: 1,
                length: 300,
                order: 0,
                order_count: 3,
                data: [],
            },
        ],
    },
    FrameReceiverCacheKey {
        id: "ed8cc0ef-58d5-44a3-871d-dbaf027c4404",
        count: 3,
        order_count: 3,
        time: Instant {
            tv_sec: 4302
            tv_nsec: 973806458,
        },
    }: Mutex {
        data: [
            Frame {
                id: "ed8cc0ef-58d5-44a3-871d-dbaf027c4404",
                version: 1,
                frame_type: 1,
                length: 300,
                order: 1,
                order_count: 3,
                data: [],
            },
        ],
    },
    FrameReceiverCacheKey {
        id: "ed8cc0ef-58d5-44a3-871d-dbaf027c4404",
        count: 3,
        order_count: 3,
        time: Instant {
            tv_sec: 4302
            tv_nsec: 969585625,
        },
    }: Mutex {
        data: [
            Frame {
                id: "ed8cc0ef-58d5-44a3-871d-dbaf027c4404",
                version: 1,
                frame_type: 1,
                length: 207,
                order: 2,
                order_count: 3,
                data: [],
            },
        ],
    },
}
[2m2023-02-02T16:36:55.762099Z[0m [32m INFO[0m [2mbroadcast::discover::broadcast_server[0m[2m:[0m Received broadcast from len: 742
[2m2023-02-02T16:36:55.762167Z[0m [32m INFO[0m [2mbroadcast::discover::broadcast_server[0m[2m:[0m after push frame, cache is {
    FrameReceiverCacheKey {
        id: "ed8cc0ef-58d5-44a3-871d-dbaf027c4404",
        count: 3,
        order_count: 3,
        time: Instant {
            tv_sec: 4302
            tv_nsec: 972326125,
        },
    }: Mutex {
        data: [
            Frame {
                id: "ed8cc0ef-58d5-44a3-871d-dbaf027c4404",
                version: 1,
                frame_type: 1,
                length: 300,
                order: 0,
                order_count: 3,
                data: [],
            },
        ],
    },
    FrameReceiverCacheKey {
        id: "f9222151-b1d7-422c-8706-b5b3d741be17",
        count: 3,
        order_count: 3,
        time: Instant {
            tv_sec: 430300,
            tv_nsec: 973226416,
        },
    }: Mutex {
        data: [
            Frame {
                id: "f9222151-b1d7-422c-8706-b5b3d741be17",
                version: 1,
                frame_type: 1,
                length: 300,
                order: 0,
                order_count: 3,
                data: [],
            },
        ],
    },
    FrameReceiverCacheKey {
        id: "f9222151-b1d7-422c-8706-b5b3d741be17",
        count: 3,
        order_count: 3,
        time: Instant {
            tv_sec: 430300,
            tv_nsec: 975271708,
        },
    }: Mutex {
        data: [
            Frame {
                id: "f9222151-b1d7-422c-8706-b5b3d741be17",
                version: 1,
                frame_type: 1,
                length: 300,
                order: 1,
                order_count: 3,
                data: [],
            },
        ],
    },
    FrameReceiverCacheKey {
        id: "ed8cc0ef-58d5-44a3-871d-dbaf027c4404",
        count: 3,
        order_count: 3,
        time: Instant {
            tv_sec: 4302
            tv_nsec: 969456083,
        },
    }: Mutex {
        data: [
            Frame {
                id: "ed8cc0ef-58d5-44a3-871d-dbaf027c4404",
                version: 1,
                frame_type: 1,
                length: 300,
                order: 1,
                order_count: 3,
                data: [],
            },
        ],
    },
    FrameReceiverCacheKey {
        id: "ed8cc0ef-58d5-44a3-871d-dbaf027c4404",
        count: 3,
        order_count: 3,
        time: Instant {
            tv_sec: 4302
            tv_nsec: 974919791,
        },
    }: Mutex {
        data: [
            Frame {
                id: "ed8cc0ef-58d5-44a3-871d-dbaf027c4404",
                version: 1,
                frame_type: 1,
                length: 207,
                order: 2,
                order_count: 3,
                data: [],
            },
        ],
    },
    FrameReceiverCacheKey {
        id: "ed8cc0ef-58d5-44a3-871d-dbaf027c4404",
        count: 3,
        order_count: 3,
        time: Instant {
            tv_sec: 4302
            tv_nsec: 969371041,
        },
    }: Mutex {
        data: [
            Frame {
                id: "ed8cc0ef-58d5-44a3-871d-dbaf027c4404",
                version: 1,
                frame_type: 1,
                length: 300,
                order: 0,
                order_count: 3,
                data: [],
            },
        ],
    },
    FrameReceiverCacheKey {
        id: "ed8cc0ef-58d5-44a3-871d-dbaf027c4404",
        count: 3,
        order_count: 3,
        time: Instant {
            tv_sec: 4302
            tv_nsec: 973806458,
        },
    }: Mutex {
        data: [
            Frame {
                id: "ed8cc0ef-58d5-44a3-871d-dbaf027c4404",
                version: 1,
                frame_type: 1,
                length: 300,
                order: 1,
                order_count: 3,
                data: [],
            },
        ],
    },
    FrameReceiverCacheKey {
        id: "f9222151-b1d7-422c-8706-b5b3d741be17",
        count: 3,
        order_count: 3,
        time: Instant {
            tv_sec: 430300,
            tv_nsec: 977557333,
        },
    }: Mutex {
        data: [
            Frame {
                id: "f9222151-b1d7-422c-8706-b5b3d741be17",
                version: 1,
                frame_type: 1,
                length: 207,
                order: 2,
                order_count: 3,
                data: [],
            },
        ],
    },
    FrameReceiverCacheKey {
        id: "ed8cc0ef-58d5-44a3-871d-dbaf027c4404",
        count: 3,
        order_count: 3,
        time: Instant {
            tv_sec: 4302
            tv_nsec: 969585625,
        },
    }: Mutex {
        data: [
            Frame {
                id: "ed8cc0ef-58d5-44a3-871d-dbaf027c4404",
                version: 1,
                frame_type: 1,
                length: 207,
                order: 2,
                order_count: 3,
                data: [],
            },
        ],
    },
}
[2m2023-02-02T16:36:55.770286Z[0m [32m INFO[0m [2mbroadcast::discover::broadcast_server[0m[2m:[0m Received broadcast from len: 1052
[2m2023-02-02T16:36:55.770340Z[0m [32m INFO[0m [2mbroadcast::discover::broadcast_server[0m[2m:[0m after push frame, cache is {
    FrameReceiverCacheKey {
        id: "ed8cc0ef-58d5-44a3-871d-dbaf027c4404",
        count: 3,
        order_count: 3,
        time: Instant {
            tv_sec: 4302
            tv_nsec: 972326125,
        },
    }: Mutex {
        data: [
            Frame {
                id: "ed8cc0ef-58d5-44a3-871d-dbaf027c4404",
                version: 1,
                frame_type: 1,
                length: 300,
                order: 0,
                order_count: 3,
                data: [],
            },
        ],
    },
    FrameReceiverCacheKey {
        id: "f9222151-b1d7-422c-8706-b5b3d741be17",
        count: 3,
        order_count: 3,
        time: Instant {
            tv_sec: 430300,
            tv_nsec: 973226416,
        },
    }: Mutex {
        data: [
            Frame {
                id: "f9222151-b1d7-422c-8706-b5b3d741be17",
                version: 1,
                frame_type: 1,
                length: 300,
                order: 0,
                order_count: 3,
                data: [],
            },
        ],
    },
    FrameReceiverCacheKey {
        id: "f9222151-b1d7-422c-8706-b5b3d741be17",
        count: 3,
        order_count: 3,
        time: Instant {
            tv_sec: 430300,
            tv_nsec: 985760416,
        },
    }: Mutex {
        data: [
            Frame {
                id: "f9222151-b1d7-422c-8706-b5b3d741be17",
                version: 1,
                frame_type: 1,
                length: 300,
                order: 0,
                order_count: 3,
                data: [],
            },
        ],
    },
    FrameReceiverCacheKey {
        id: "f9222151-b1d7-422c-8706-b5b3d741be17",
        count: 3,
        order_count: 3,
        time: Instant {
            tv_sec: 430300,
            tv_nsec: 975271708,
        },
    }: Mutex {
        data: [
            Frame {
                id: "f9222151-b1d7-422c-8706-b5b3d741be17",
                version: 1,
                frame_type: 1,
                length: 300,
                order: 1,
                order_count: 3,
                data: [],
            },
        ],
    },
    FrameReceiverCacheKey {
        id: "ed8cc0ef-58d5-44a3-871d-dbaf027c4404",
        count: 3,
        order_count: 3,
        time: Instant {
            tv_sec: 4302
            tv_nsec: 969456083,
        },
    }: Mutex {
        data: [
            Frame {
                id: "ed8cc0ef-58d5-44a3-871d-dbaf027c4404",
                version: 1,
                frame_type: 1,
                length: 300,
                order: 1,
                order_count: 3,
                data: [],
            },
        ],
    },
    FrameReceiverCacheKey {
        id: "ed8cc0ef-58d5-44a3-871d-dbaf027c4404",
        count: 3,
        order_count: 3,
        time: Instant {
            tv_sec: 4302
            tv_nsec: 974919791,
        },
    }: Mutex {
        data: [
            Frame {
                id: "ed8cc0ef-58d5-44a3-871d-dbaf027c4404",
                version: 1,
                frame_type: 1,
                length: 207,
                order: 2,
                order_count: 3,
                data: [],
            },
        ],
    },
    FrameReceiverCacheKey {
        id: "ed8cc0ef-58d5-44a3-871d-dbaf027c4404",
        count: 3,
        order_count: 3,
        time: Instant {
            tv_sec: 4302
            tv_nsec: 969371041,
        },
    }: Mutex {
        data: [
            Frame {
                id: "ed8cc0ef-58d5-44a3-871d-dbaf027c4404",
                version: 1,
                frame_type: 1,
                length: 300,
                order: 0,
                order_count: 3,
                data: [],
            },
        ],
    },
    FrameReceiverCacheKey {
        id: "ed8cc0ef-58d5-44a3-871d-dbaf027c4404",
        count: 3,
        order_count: 3,
        time: Instant {
            tv_sec: 4302
            tv_nsec: 973806458,
        },
    }: Mutex {
        data: [
            Frame {
                id: "ed8cc0ef-58d5-44a3-871d-dbaf027c4404",
                version: 1,
                frame_type: 1,
                length: 300,
                order: 1,
                order_count: 3,
                data: [],
            },
        ],
    },
    FrameReceiverCacheKey {
        id: "f9222151-b1d7-422c-8706-b5b3d741be17",
        count: 3,
        order_count: 3,
        time: Instant {
            tv_sec: 430300,
            tv_nsec: 977557333,
        },
    }: Mutex {
        data: [
            Frame {
                id: "f9222151-b1d7-422c-8706-b5b3d741be17",
                version: 1,
                frame_type: 1,
                length: 207,
                order: 2,
                order_count: 3,
                data: [],
            },
        ],
    },
    FrameReceiverCacheKey {
        id: "ed8cc0ef-58d5-44a3-871d-dbaf027c4404",
        count: 3,
        order_count: 3,
        time: Instant {
            tv_sec: 4302
            tv_nsec: 969585625,
        },
    }: Mutex {
        data: [
            Frame {
                id: "ed8cc0ef-58d5-44a3-871d-dbaf027c4404",
                version: 1,
                frame_type: 1,
                length: 207,
                order: 2,
                order_count: 3,
                data: [],
            },
        ],
    },
}
[2m2023-02-02T16:36:55.773603Z[0m [32m INFO[0m [2mbroadcast::discover::broadcast_server[0m[2m:[0m Received broadcast from len: 1020
[2m2023-02-02T16:36:55.773677Z[0m [32m INFO[0m [2mbroadcast::discover::broadcast_server[0m[2m:[0m after push frame, cache is {
    FrameReceiverCacheKey {
        id: "ed8cc0ef-58d5-44a3-871d-dbaf027c4404",
        count: 3,
        order_count: 3,
        time: Instant {
            tv_sec: 4302
            tv_nsec: 972326125,
        },
    }: Mutex {
        data: [
            Frame {
                id: "ed8cc0ef-58d5-44a3-871d-dbaf027c4404",
                version: 1,
                frame_type: 1,
                length: 300,
                order: 0,
                order_count: 3,
                data: [],
            },
        ],
    },
    FrameReceiverCacheKey {
        id: "f9222151-b1d7-422c-8706-b5b3d741be17",
        count: 3,
        order_count: 3,
        time: Instant {
            tv_sec: 430300,
            tv_nsec: 973226416,
        },
    }: Mutex {
        data: [
            Frame {
                id: "f9222151-b1d7-422c-8706-b5b3d741be17",
                version: 1,
                frame_type: 1,
                length: 300,
                order: 0,
                order_count: 3,
                data: [],
            },
        ],
    },
    FrameReceiverCacheKey {
        id: "f9222151-b1d7-422c-8706-b5b3d741be17",
        count: 3,
        order_count: 3,
        time: Instant {
            tv_sec: 430300,
            tv_nsec: 985760416,
        },
    }: Mutex {
        data: [
            Frame {
                id: "f9222151-b1d7-422c-8706-b5b3d741be17",
                version: 1,
                frame_type: 1,
                length: 300,
                order: 0,
                order_count: 3,
                data: [],
            },
        ],
    },
    FrameReceiverCacheKey {
        id: "f9222151-b1d7-422c-8706-b5b3d741be17",
        count: 3,
        order_count: 3,
        time: Instant {
            tv_sec: 430300,
            tv_nsec: 975271708,
        },
    }: Mutex {
        data: [
            Frame {
                id: "f9222151-b1d7-422c-8706-b5b3d741be17",
                version: 1,
                frame_type: 1,
                length: 300,
                order: 1,
                order_count: 3,
                data: [],
            },
        ],
    },
    FrameReceiverCacheKey {
        id: "ed8cc0ef-58d5-44a3-871d-dbaf027c4404",
        count: 3,
        order_count: 3,
        time: Instant {
            tv_sec: 4302
            tv_nsec: 969456083,
        },
    }: Mutex {
        data: [
            Frame {
                id: "ed8cc0ef-58d5-44a3-871d-dbaf027c4404",
                version: 1,
                frame_type: 1,
                length: 300,
                order: 1,
                order_count: 3,
                data: [],
            },
        ],
    },
    FrameReceiverCacheKey {
        id: "ed8cc0ef-58d5-44a3-871d-dbaf027c4404",
        count: 3,
        order_count: 3,
        time: Instant {
            tv_sec: 4302
            tv_nsec: 974919791,
        },
    }: Mutex {
        data: [
            Frame {
                id: "ed8cc0ef-58d5-44a3-871d-dbaf027c4404",
                version: 1,
                frame_type: 1,
                length: 207,
                order: 2,
                order_count: 3,
                data: [],
            },
        ],
    },
    FrameReceiverCacheKey {
        id: "ed8cc0ef-58d5-44a3-871d-dbaf027c4404",
        count: 3,
        order_count: 3,
        time: Instant {
            tv_sec: 4302
            tv_nsec: 969371041,
        },
    }: Mutex {
        data: [
            Frame {
                id: "ed8cc0ef-58d5-44a3-871d-dbaf027c4404",
                version: 1,
                frame_type: 1,
                length: 300,
                order: 0,
                order_count: 3,
                data: [],
            },
        ],
    },
    FrameReceiverCacheKey {
        id: "ed8cc0ef-58d5-44a3-871d-dbaf027c4404",
        count: 3,
        order_count: 3,
        time: Instant {
            tv_sec: 4302
            tv_nsec: 973806458,
        },
    }: Mutex {
        data: [
            Frame {
                id: "ed8cc0ef-58d5-44a3-871d-dbaf027c4404",
                version: 1,
                frame_type: 1,
                length: 300,
                order: 1,
                order_count: 3,
                data: [],
            },
        ],
    },
    FrameReceiverCacheKey {
        id: "f9222151-b1d7-422c-8706-b5b3d741be17",
        count: 3,
        order_count: 3,
        time: Instant {
            tv_sec: 430300,
            tv_nsec: 989089208,
        },
    }: Mutex {
        data: [
            Frame {
                id: "f9222151-b1d7-422c-8706-b5b3d741be17",
                version: 1,
                frame_type: 1,
                length: 300,
                order: 1,
                order_count: 3,
                data: [],
            },
        ],
    },
    FrameReceiverCacheKey {
        id: "f9222151-b1d7-422c-8706-b5b3d741be17",
        count: 3,
        order_count: 3,
        time: Instant {
            tv_sec: 430300,
            tv_nsec: 977557333,
        },
    }: Mutex {
        data: [
            Frame {
                id: "f9222151-b1d7-422c-8706-b5b3d741be17",
                version: 1,
                frame_type: 1,
                length: 207,
                order: 2,
                order_count: 3,
                data: [],
            },
        ],
    },
    FrameReceiverCacheKey {
        id: "ed8cc0ef-58d5-44a3-871d-dbaf027c4404",
        count: 3,
        order_count: 3,
        time: Instant {
            tv_sec: 4302
            tv_nsec: 969585625,
        },
    }: Mutex {
        data: [
            Frame {
                id: "ed8cc0ef-58d5-44a3-871d-dbaf027c4404",
                version: 1,
                frame_type: 1,
                length: 207,
                order: 2,
                order_count: 3,
                data: [],
            },
        ],
    },
}
[2m2023-02-02T16:36:55.776515Z[0m [32m INFO[0m [2mbroadcast::discover::broadcast_server[0m[2m:[0m Received broadcast from len: 742
[2m2023-02-02T16:36:55.776555Z[0m [32m INFO[0m [2mbroadcast::discover::broadcast_server[0m[2m:[0m after push frame, cache is {
    FrameReceiverCacheKey {
        id: "ed8cc0ef-58d5-44a3-871d-dbaf027c4404",
        count: 3,
        order_count: 3,
        time: Instant {
            tv_sec: 4302
            tv_nsec: 972326125,
        },
    }: Mutex {
        data: [
            Frame {
                id: "ed8cc0ef-58d5-44a3-871d-dbaf027c4404",
                version: 1,
                frame_type: 1,
                length: 300,
                order: 0,
                order_count: 3,
                data: [],
            },
        ],
    },
    FrameReceiverCacheKey {
        id: "f9222151-b1d7-422c-8706-b5b3d741be17",
        count: 3,
        order_count: 3,
        time: Instant {
            tv_sec: 430300,
            tv_nsec: 973226416,
        },
    }: Mutex {
        data: [
            Frame {
                id: "f9222151-b1d7-422c-8706-b5b3d741be17",
                version: 1,
                frame_type: 1,
                length: 300,
                order: 0,
                order_count: 3,
                data: [],
            },
        ],
    },
    FrameReceiverCacheKey {
        id: "f9222151-b1d7-422c-8706-b5b3d741be17",
        count: 3,
        order_count: 3,
        time: Instant {
            tv_sec: 430300,
            tv_nsec: 991975541,
        },
    }: Mutex {
        data: [
            Frame {
                id: "f9222151-b1d7-422c-8706-b5b3d741be17",
                version: 1,
                frame_type: 1,
                length: 207,
                order: 2,
                order_count: 3,
                data: [],
            },
        ],
    },
    FrameReceiverCacheKey {
        id: "f9222151-b1d7-422c-8706-b5b3d741be17",
        count: 3,
        order_count: 3,
        time: Instant {
            tv_sec: 430300,
            tv_nsec: 985760416,
        },
    }: Mutex {
        data: [
            Frame {
                id: "f9222151-b1d7-422c-8706-b5b3d741be17",
                version: 1,
                frame_type: 1,
                length: 300,
                order: 0,
                order_count: 3,
                data: [],
            },
        ],
    },
    FrameReceiverCacheKey {
        id: "f9222151-b1d7-422c-8706-b5b3d741be17",
        count: 3,
        order_count: 3,
        time: Instant {
            tv_sec: 430300,
            tv_nsec: 975271708,
        },
    }: Mutex {
        data: [
            Frame {
                id: "f9222151-b1d7-422c-8706-b5b3d741be17",
                version: 1,
                frame_type: 1,
                length: 300,
                order: 1,
                order_count: 3,
                data: [],
            },
        ],
    },
    FrameReceiverCacheKey {
        id: "ed8cc0ef-58d5-44a3-871d-dbaf027c4404",
        count: 3,
        order_count: 3,
        time: Instant {
            tv_sec: 4302
            tv_nsec: 969456083,
        },
    }: Mutex {
        data: [
            Frame {
                id: "ed8cc0ef-58d5-44a3-871d-dbaf027c4404",
                version: 1,
                frame_type: 1,
                length: 300,
                order: 1,
                order_count: 3,
                data: [],
            },
        ],
    },
    FrameReceiverCacheKey {
        id: "ed8cc0ef-58d5-44a3-871d-dbaf027c4404",
        count: 3,
        order_count: 3,
        time: Instant {
            tv_sec: 4302
            tv_nsec: 974919791,
        },
    }: Mutex {
        data: [
            Frame {
                id: "ed8cc0ef-58d5-44a3-871d-dbaf027c4404",
                version: 1,
                frame_type: 1,
                length: 207,
                order: 2,
                order_count: 3,
                data: [],
            },
        ],
    },
    FrameReceiverCacheKey {
        id: "ed8cc0ef-58d5-44a3-871d-dbaf027c4404",
        count: 3,
        order_count: 3,
        time: Instant {
            tv_sec: 4302
            tv_nsec: 969371041,
        },
    }: Mutex {
        data: [
            Frame {
                id: "ed8cc0ef-58d5-44a3-871d-dbaf027c4404",
                version: 1,
                frame_type: 1,
                length: 300,
                order: 0,
                order_count: 3,
                data: [],
            },
        ],
    },
    FrameReceiverCacheKey {
        id: "ed8cc0ef-58d5-44a3-871d-dbaf027c4404",
        count: 3,
        order_count: 3,
        time: Instant {
            tv_sec: 4302
            tv_nsec: 973806458,
        },
    }: Mutex {
        data: [
            Frame {
                id: "ed8cc0ef-58d5-44a3-871d-dbaf027c4404",
                version: 1,
                frame_type: 1,
                length: 300,
                order: 1,
                order_count: 3,
                data: [],
            },
        ],
    },
    FrameReceiverCacheKey {
        id: "f9222151-b1d7-422c-8706-b5b3d741be17",
        count: 3,
        order_count: 3,
        time: Instant {
            tv_sec: 430300,
            tv_nsec: 989089208,
        },
    }: Mutex {
        data: [
            Frame {
                id: "f9222151-b1d7-422c-8706-b5b3d741be17",
                version: 1,
                frame_type: 1,
                length: 300,
                order: 1,
                order_count: 3,
                data: [],
            },
        ],
    },
    FrameReceiverCacheKey {
        id: "f9222151-b1d7-422c-8706-b5b3d741be17",
        count: 3,
        order_count: 3,
        time: Instant {
            tv_sec: 430300,
            tv_nsec: 977557333,
        },
    }: Mutex {
        data: [
            Frame {
                id: "f9222151-b1d7-422c-8706-b5b3d741be17",
                version: 1,
                frame_type: 1,
                length: 207,
                order: 2,
                order_count: 3,
                data: [],
            },
        ],
    },
    FrameReceiverCacheKey {
        id: "ed8cc0ef-58d5-44a3-871d-dbaf027c4404",
        count: 3,
        order_count: 3,
        time: Instant {
            tv_sec: 4302
            tv_nsec: 969585625,
        },
    }: Mutex {
        data: [
            Frame {
                id: "ed8cc0ef-58d5-44a3-871d-dbaf027c4404",
                version: 1,
                frame_type: 1,
                length: 207,
                order: 2,
                order_count: 3,
                data: [],
            },
        ],
    },
}
